// Jest Snapshot v1, https://goo.gl/fbAQLP

exports[`Pruebas en <firstapp/> debe de hacer watch con el snapshot 1`] = `
<div>
  <h1
    data-testid="test-title"
  >
    hola soy gia
  </h1>
  <p>
    no hay subtitulo
  </p>
  <p>
    no hay subtitulo
  </p>
  <p>
    gia
  </p>
</div>
`;
